// Jest Snapshot v1, https://goo.gl/fbAQLP

exports[`Storyshots modul-components|m-country-flag default 1`] = `<!---->`;
