// Jest Snapshot v1, https://goo.gl/fbAQLP

exports[`Storyshots modul-components|m-tree Sandbox 1`] = `
<div
  class="m-sandboxes"
>
  <m-tree-sandbox />
</div>
`;
