// Jest Snapshot v1, https://goo.gl/fbAQLP

exports[`Storyshots modul-components|m-carousel Sandbox 1`] = `
<div
  class="m-sandboxes"
>
  <m-carousel-sandbox />
</div>
`;
