// Jest Snapshot v1, https://goo.gl/fbAQLP

exports[`Storyshots modul-components|m-calendar Sandbox 1`] = `
<div
  class="m-sandboxes"
>
  <m-calendar-sandbox />
</div>
`;
