// Jest Snapshot v1, https://goo.gl/fbAQLP

exports[`MTextfield should render correctly 1`] = `
<div class="m-moneyfield" style="width:100%;max-width:136px;">
  <div class="m-decimalfield" style="width:100%;max-width:136px;">
    <m-input-style label-for="mDecimalfield-uuid" empty="true" tag-style="default"><template><span class="m-moneyfield__currency-symbol">
                CA$
            </span></template> <input id="mDecimalfield-uuid" inputmode="decimal" class="m-decimalfield__input"> <template></template></m-input-style>
    <div class="m-decimalfield__validation">
      <div class="m-validation-message m-decimalfield__validation__message"> </div>
    </div>
  </div>
</div>
`;
