// Jest Snapshot v1, https://goo.gl/fbAQLP

exports[`Storyshots modul-components|m-message-page Sandbox 1`] = `
<div
  class="m-sandboxes"
>
  <m-message-page-sandbox />
</div>
`;
