// Jest Snapshot v1, https://goo.gl/fbAQLP

exports[`Storyshots modul-components|m-icon-file All Extensions 1`] = `
<div>
  <h2
    class="m-u--h6 m-u--no-margin m-u--margin-bottom--s"
  >
    image
  </h2>
   
  <!---->
   
  <!---->
   
  <!---->
   
  <!---->
   
  <!---->
   
  <!---->
   
  <!---->
   
  <!---->
   
  <!---->
   
  <!---->
   
  <!---->
   
  <h2
    class="m-u--h6 m-u--margin-bottom--s"
  >
    txt
  </h2>
   
  <!---->
   
  <!---->
   
  <h2
    class="m-u--h6 m-u--margin-bottom--s"
  >
    doc
  </h2>
   
  <!---->
   
  <!---->
   
  <h2
    class="m-u--h6 m-u--margin-bottom--s"
  >
    vsd
  </h2>
   
  <!---->
   
  <!---->
   
  <h2
    class="m-u--h6 m-u--margin-bottom--s"
  >
    ppt
  </h2>
   
  <!---->
   
  <!---->
   
  <!---->
   
  <!---->
   
  <h2
    class="m-u--h6 m-u--margin-bottom--s"
  >
    xls
  </h2>
   
  <!---->
   
  <!---->
   
  <!---->
   
  <!---->
   
  <!---->
   
  <h2
    class="m-u--h6 m-u--margin-bottom--s"
  >
    accdb
  </h2>
   
  <!---->
   
  <!---->
   
  <h2
    class="m-u--h6 m-u--margin-bottom--s"
  >
    pdf
  </h2>
   
  <!---->
   
  <h2
    class="m-u--h6 m-u--margin-bottom--s"
  >
    Realmedia
  </h2>
   
  <!---->
   
  <h2
    class="m-u--h6 m-u--margin-bottom--s"
  >
    Wma
  </h2>
   
  <!---->
   
  <!---->
   
  <!---->
   
  <h2
    class="m-u--h6 m-u--margin-bottom--s"
  >
    Mov
  </h2>
   
  <!---->
   
  <h2
    class="m-u--h6 m-u--margin-bottom--s"
  >
    swf
  </h2>
   
  <!---->
   
  <!---->
   
  <!---->
   
  <h2
    class="m-u--h6 m-u--margin-bottom--s"
  >
    video
  </h2>
   
  <!---->
   
  <!---->
   
  <!---->
   
  <h2
    class="m-u--h6 m-u--margin-bottom--s"
  >
    audio
  </h2>
   
  <!---->
   
  <!---->
   
  <!---->
   
  <!---->
   
  <!---->
   
  <!---->
   
  <h2
    class="m-u--h6 m-u--margin-bottom--s"
  >
    zip
  </h2>
   
  <!---->
   
  <!---->
   
  <!---->
   
  <!---->
   
  <!---->
   
  <h2
    class="m-u--h6 m-u--margin-bottom--s"
  >
    openoffice
  </h2>
   
  <!---->
   
  <!---->
   
  <!---->
   
  <!---->
   
  <!---->
   
  <!---->
   
  <h2
    class="m-u--h6 m-u--margin-bottom--s"
  >
    odt
  </h2>
   
  <!---->
   
  <h2
    class="m-u--h6 m-u--margin-bottom--s"
  >
    odp
  </h2>
   
  <!---->
   
  <h2
    class="m-u--h6 m-u--margin-bottom--s"
  >
    odg
  </h2>
   
  <!---->
   
  <h2
    class="m-u--h6 m-u--margin-bottom--s"
  >
    ods
  </h2>
   
  <!---->
   
  <h2
    class="m-u--h6 m-u--margin-bottom--s"
  >
    odf
  </h2>
   
  <!---->
   
  <h2
    class="m-u--h6 m-u--margin-bottom--s"
  >
    odb
  </h2>
   
  <!---->
   
  <h2
    class="m-u--h6 m-u--margin-bottom--s"
  >
    dwg
  </h2>
   
  <!---->
   
  <!---->
   
  <!---->
   
  <!---->
   
  <!---->
   
  <h2
    class="m-u--h6 m-u--margin-bottom--s"
  >
    markup
  </h2>
   
  <!---->
   
  <!---->
   
  <!---->
   
  <h2
    class="m-u--h6 m-u--margin-bottom--s"
  >
    code
  </h2>
   
  <!---->
   
  <!---->
   
  <!---->
   
  <!---->
   
  <!---->
</div>
`;

exports[`Storyshots modul-components|m-icon-file Badge Completed 1`] = `
<div>
  <!---->
   
  <!---->
   
  <!---->
   
  <!---->
   
  <!---->
   
  <!---->
   
  <!---->
   
  <!---->
   
  <!---->
   
  <!---->
   
  <!---->
   
  <!---->
   
  <!---->
   
  <!---->
   
  <!---->
</div>
`;

exports[`Storyshots modul-components|m-icon-file Badge Error 1`] = `
<div>
  <!---->
   
  <!---->
   
  <!---->
   
  <!---->
   
  <!---->
   
  <!---->
   
  <!---->
   
  <!---->
   
  <!---->
   
  <!---->
   
  <!---->
   
  <!---->
   
  <!---->
   
  <!---->
   
  <!---->
</div>
`;

exports[`Storyshots modul-components|m-icon-file Badge Warning 1`] = `
<div>
  <!---->
   
  <!---->
   
  <!---->
   
  <!---->
   
  <!---->
   
  <!---->
   
  <!---->
   
  <!---->
   
  <!---->
   
  <!---->
   
  <!---->
   
  <!---->
   
  <!---->
   
  <!---->
   
  <!---->
</div>
`;

exports[`Storyshots modul-components|m-icon-file Sandbox 1`] = `<!---->`;

exports[`Storyshots modul-components|m-icon-file default 1`] = `<!---->`;
