// Jest Snapshot v1, https://goo.gl/fbAQLP

exports[`Storyshots modul-components|m-icon-file Sandbox 1`] = `
<div
  class="m-sandboxes"
>
  <m-icon-file-sandbox />
</div>
`;
