// Jest Snapshot v1, https://goo.gl/fbAQLP

exports[`Storyshots modul-components|m-daterangepicker Sandbox 1`] = `
<div
  class="m-sandboxes"
>
  <m-daterangepicker-sandbox />
</div>
`;
